07-25 04:30:12 ROUND 1: submitting 69 job(s)
07-25 04:30:12   qsub 2443480.opbs  <- calliope/node16-1
07-25 04:30:16   qsub 2443481.opbs  <- calliope/node16-2
07-25 04:30:19   qsub 2443482.opbs  <- calliope/node16-3
07-25 04:30:23   qsub 2443483.opbs  <- calliope/node32-1
07-25 04:30:26   qsub 2443484.opbs  <- calliope/node32-2
07-25 04:30:30   qsub 2443485.opbs  <- calliope/node32-3
07-25 04:30:33   qsub 2443486.opbs  <- calliope/node64-1
07-25 04:30:37   qsub 2443487.opbs  <- calliope/node64-2
07-25 04:30:40   qsub 2443488.opbs  <- calliope/node64-3
07-25 04:30:44   qsub 2443489.opbs  <- calliope/node128-1
07-25 04:30:48   qsub 2443490.opbs  <- calliope/node128-2
07-25 04:30:51   qsub 2443491.opbs  <- calliope/node128-3
07-25 04:30:55   qsub 2443493.opbs  <- gallope-sep/node16-1
07-25 04:30:59   qsub 2443494.opbs  <- gallope-sep/node16-2
07-25 04:31:02   qsub 2443495.opbs  <- gallope-sep/node16-3
07-25 04:31:06   qsub 2443496.opbs  <- gallope-uni/node16-1
07-25 04:31:10   qsub 2443497.opbs  <- gallope-uni/node16-2
07-25 04:31:13   qsub 2443498.opbs  <- gallope-uni/node16-3
07-25 04:31:17   qsub 2443499.opbs  <- gallope-sep/node32-1
07-25 04:31:21   qsub 2443500.opbs  <- gallope-sep/node32-2
07-25 04:31:24   qsub 2443501.opbs  <- gallope-sep/node32-3
07-25 04:31:28   qsub 2443502.opbs  <- gallope-uni/node32-1
07-25 04:31:32   qsub 2443503.opbs  <- gallope-uni/node32-2
07-25 04:31:35   qsub 2443504.opbs  <- gallope-uni/node32-3
07-25 04:31:39   qsub 2443505.opbs  <- gallope-sep/node64-1
07-25 04:31:43   qsub 2443506.opbs  <- gallope-sep/node64-2
07-25 04:31:46   qsub 2443507.opbs  <- gallope-sep/node64-3
07-25 04:31:50   qsub 2443508.opbs  <- gallope-uni/node64-1
07-25 04:35:56   qsub 2443515.opbs  <- gallope-uni/node64-2
07-25 04:38:02   qsub 2443518.opbs  <- gallope-uni/node64-3
07-25 04:38:05   qsub 2443519.opbs  <- gallope-sep/node128-1
07-25 04:38:09   qsub 2443520.opbs  <- gallope-sep/node128-2
07-25 04:38:13   qsub 2443521.opbs  <- gallope-sep/node128-3
07-25 04:40:18   qsub 2443528.opbs  <- gallope-uni/node128-1
07-25 04:41:22   qsub 2443530.opbs  <- gallope-uni/node128-2
07-25 04:42:27   qsub 2443531.opbs  <- gallope-uni/node128-3
07-25 04:42:30   qsub 2443532.opbs  <- gallope-sep/node256-1
07-25 04:43:34   qsub 2443536.opbs  <- gallope-sep/node256-2
07-25 04:44:39   qsub 2443538.opbs  <- gallope-sep/node256-3
07-25 04:45:43   qsub 2443544.opbs  <- gallope-uni/node256-1
07-25 04:45:47   qsub 2443545.opbs  <- gallope-uni/node256-2
07-25 04:45:51   qsub 2443546.opbs  <- gallope-uni/node256-3
07-25 04:46:55   qsub 2443547.opbs  <- fft/node1-1
07-25 04:46:59   qsub 2443548.opbs  <- fft/node1-2
07-25 04:47:03   qsub 2443549.opbs  <- fft/node1-3
07-25 04:48:07   qsub 2443550.opbs  <- fft/node2-1
07-25 04:48:11   qsub 2443551.opbs  <- fft/node2-2
07-25 04:49:16   qsub 2443552.opbs  <- fft/node2-3
07-25 04:49:19   qsub 2443553.opbs  <- fft/node4-1
07-25 04:50:24   qsub 2443556.opbs  <- fft/node4-2
07-25 04:50:27   qsub 2443557.opbs  <- fft/node4-3
07-25 04:50:31   qsub 2443558.opbs  <- fft/node8-1
07-25 04:50:35   qsub 2443559.opbs  <- fft/node8-2
07-25 04:50:39   qsub 2443561.opbs  <- fft/node8-3
07-25 04:50:42   qsub 2443562.opbs  <- fft/node16-1
07-25 04:50:46   qsub 2443563.opbs  <- fft/node16-2
07-25 04:50:50   qsub 2443564.opbs  <- fft/node16-3
07-25 04:51:54   qsub 2443566.opbs  <- fft/node32-1
07-25 05:22:18   qsub 2443587.opbs  <- fft/node32-2
07-25 05:22:21   qsub 2443588.opbs  <- fft/node32-3
07-25 05:22:25   qsub 2443589.opbs  <- fft/node64-1
07-25 05:22:29   qsub 2443590.opbs  <- fft/node64-2
07-25 05:22:32   qsub 2443591.opbs  <- fft/node64-3
07-25 05:23:37   qsub 2443592.opbs  <- fft/node128-1
07-25 05:27:44   qsub 2443598.opbs  <- fft/node128-2
07-25 05:27:47   qsub 2443599.opbs  <- fft/node128-3
07-25 05:39:10 RECOVER: waiting for pre-existing queue to drain
07-25 08:23:54 RECOVER: queue empty, launching fixed driver
07-25 08:23:54 ROUND 1: submitting 22 job(s)
07-25 08:23:55   qsub 2443776.opbs  <- calliope/node64-3
07-25 08:23:58   qsub 2443777.opbs  <- calliope/node128-1
07-25 08:24:02   qsub 2443779.opbs  <- calliope/node128-2
07-25 08:24:06   qsub 2443780.opbs  <- gallope-sep/node256-3
07-25 08:24:09   qsub 2443781.opbs  <- fft/node8-1
07-25 08:24:13   qsub 2443782.opbs  <- fft/node8-2
07-25 08:24:16   qsub 2443783.opbs  <- fft/node8-3
07-25 08:24:20   qsub 2443784.opbs  <- fft/node16-1
07-25 08:24:23   qsub 2443785.opbs  <- fft/node16-2
07-25 08:24:27   qsub 2443786.opbs  <- fft/node16-3
07-25 08:24:31   qsub 2443787.opbs  <- fft/node32-1
07-25 08:24:34   qsub 2443788.opbs  <- fft/node32-2
07-25 08:24:38   qsub 2443789.opbs  <- fft/node32-3
07-25 08:24:42   qsub 2443790.opbs  <- fft/node64-1
07-25 08:24:46   qsub 2443791.opbs  <- fft/node64-2
07-25 08:24:49   qsub 2443793.opbs  <- fft/node64-3
07-25 08:24:53   qsub 2443794.opbs  <- fft/node128-1
07-25 08:24:56   qsub 2443795.opbs  <- fft/node128-2
07-25 08:25:00   qsub 2443796.opbs  <- fft/node128-3
07-25 08:25:03   qsub 2443798.opbs  <- fft/node256-1
07-25 08:25:07   qsub 2443800.opbs  <- fft/node256-2
07-25 08:25:10   qsub 2443801.opbs  <- fft/node256-3
07-25 08:25:13 ROUND 1: all submitted, waiting for the queue to drain
07-25 08:49:20 ROUND 1: queue empty
07-25 08:49:20 ROUND 2: submitting 2 job(s)
07-25 08:49:21   qsub 2443828.opbs  <- calliope/node64-3
07-25 08:49:24   qsub 2443829.opbs  <- calliope/node128-2
07-25 08:49:27 ROUND 2: all submitted, waiting for the queue to drain
07-25 09:01:30 ROUND 2: queue empty
07-25 09:01:30 ROUND 3: submitting 54 job(s)
07-25 09:01:31   qsub 2443838.opbs  <- fftcpu/node1-1
07-25 09:01:34   qsub 2443839.opbs  <- fftcpu/node1-2
07-25 09:01:38   qsub 2443842.opbs  <- fftcpu/node128-1
07-25 09:01:41   qsub 2443843.opbs  <- fftcpu/node128-2
07-25 09:01:45   qsub 2443844.opbs  <- fftcpu/node128-3
07-25 09:01:48   qsub 2443845.opbs  <- fftcpu/node1-3
07-25 09:01:52   qsub 2443847.opbs  <- fftcpu/node16-1
07-25 09:01:55   qsub 2443850.opbs  <- fftcpu/node16-2
07-25 09:01:59   qsub 2443851.opbs  <- fftcpu/node16-3
07-25 09:02:02   qsub 2443852.opbs  <- fftcpu/node2-1
07-25 09:02:06   qsub 2443853.opbs  <- fftcpu/node2-2
07-25 09:02:09   qsub 2443854.opbs  <- fftcpu/node2-3
07-25 09:02:13   qsub 2443855.opbs  <- fftcpu/node256-1
07-25 09:02:17   qsub 2443856.opbs  <- fftcpu/node256-2
07-25 09:02:21   qsub 2443857.opbs  <- fftcpu/node256-3
07-25 09:02:24   qsub 2443858.opbs  <- fftcpu/node32-1
07-25 09:02:28   qsub 2443859.opbs  <- fftcpu/node32-2
07-25 09:02:32   qsub 2443860.opbs  <- fftcpu/node32-3
07-25 09:02:35   qsub 2443861.opbs  <- fftcpu/node4-1
07-25 09:02:39   qsub 2443862.opbs  <- fftcpu/node4-2
07-25 09:02:43   qsub 2443863.opbs  <- fftcpu/node4-3
07-25 09:02:46   qsub 2443864.opbs  <- fftcpu/node64-1
07-25 09:02:50   qsub 2443865.opbs  <- fftcpu/node64-2
07-25 09:02:54   qsub 2443866.opbs  <- fftcpu/node64-3
07-25 09:02:58   qsub 2443868.opbs  <- fftcpu/node8-1
07-25 09:03:01   qsub 2443869.opbs  <- fftcpu/node8-2
07-25 09:03:05   qsub 2443870.opbs  <- fftcpu/node8-3
07-25 09:03:09   qsub 2443871.opbs  <- fftgpu/node1-1
07-25 09:03:13   qsub 2443872.opbs  <- fftgpu/node1-2
07-25 09:03:17   qsub 2443873.opbs  <- fftgpu/node128-1
07-25 09:03:20   qsub 2443874.opbs  <- fftgpu/node128-2
07-25 09:05:25   qsub 2443878.opbs  <- fftgpu/node128-3
07-25 09:05:29   qsub 2443879.opbs  <- fftgpu/node1-3
07-25 09:06:33   qsub 2443883.opbs  <- fftgpu/node16-1
07-25 09:06:37   qsub 2443884.opbs  <- fftgpu/node16-2
07-25 09:07:41   qsub 2443887.opbs  <- fftgpu/node16-3
07-25 09:07:45   qsub 2443888.opbs  <- fftgpu/node2-1
07-25 09:08:50   qsub 2443890.opbs  <- fftgpu/node2-2
07-25 09:08:53   qsub 2443892.opbs  <- fftgpu/node2-3
07-25 09:09:58   qsub 2443893.opbs  <- fftgpu/node256-1
07-25 09:10:02   qsub 2443894.opbs  <- fftgpu/node256-2
07-25 09:10:06   qsub 2443895.opbs  <- fftgpu/node256-3
07-25 09:10:09   qsub 2443896.opbs  <- fftgpu/node32-1
07-25 09:10:13   qsub 2443898.opbs  <- fftgpu/node32-2
07-25 09:12:18   qsub 2443902.opbs  <- fftgpu/node32-3
07-25 09:12:22   qsub 2443903.opbs  <- fftgpu/node4-1
07-25 09:12:25   qsub 2443904.opbs  <- fftgpu/node4-2
07-25 09:12:30   qsub 2443906.opbs  <- fftgpu/node4-3
07-25 09:14:35   qsub 2443909.opbs  <- fftgpu/node64-1
07-25 09:14:38   qsub 2443910.opbs  <- fftgpu/node64-2
07-25 09:14:42   qsub 2443911.opbs  <- fftgpu/node64-3
07-25 09:15:46   qsub 2443913.opbs  <- fftgpu/node8-1
07-25 09:15:50   qsub 2443914.opbs  <- fftgpu/node8-2
07-25 09:16:54   qsub 2443918.opbs  <- fftgpu/node8-3
07-25 09:16:57 ROUND 3: all submitted, waiting for the queue to drain
07-25 10:35:19 ROUND 3: queue empty
07-25 10:35:20 ROUND 4: submitting 9 job(s)
07-25 10:35:20   qsub 2444050.opbs  <- fftcpu/node128-1
07-25 10:35:24   qsub 2444051.opbs  <- fftcpu/node16-2
07-25 10:35:27   qsub 2444052.opbs  <- fftcpu/node16-3
07-25 10:35:31   qsub 2444053.opbs  <- fftcpu/node256-1
07-25 10:35:34   qsub 2444054.opbs  <- fftcpu/node256-2
07-25 10:35:38   qsub 2444056.opbs  <- fftcpu/node256-3
07-25 10:35:42   qsub 2444057.opbs  <- fftcpu/node32-2
07-25 10:35:45   qsub 2444058.opbs  <- fftcpu/node4-3
07-25 10:35:49   qsub 2444059.opbs  <- fftcpu/node64-2
07-25 10:35:52 ROUND 4: all submitted, waiting for the queue to drain
07-25 11:16:04 ROUND 4: queue empty
07-25 11:16:04 reached MAXROUND=4; remaining failures need manual attention
07-25 11:18:36 ROUND 1: submitting 6 job(s)
07-25 11:18:36   qsub 2444196.opbs  <- fftcpu/node16-3
07-25 11:18:40   qsub 2444197.opbs  <- fftcpu/node64-2
07-25 11:18:43   qsub 2444198.opbs  <- fftcpu/node128-1
07-25 11:18:47   qsub 2444199.opbs  <- fftcpu/node256-1
07-25 11:18:51   qsub 2444200.opbs  <- fftcpu/node256-2
07-25 11:18:54   qsub 2444202.opbs  <- fftcpu/node256-3
07-25 11:18:57 ROUND 1: all submitted, waiting for the queue to drain
07-25 11:57:08 ROUND 1: queue empty
07-25 11:57:08 ROUND 2: submitting 4 job(s)
07-25 11:57:08   qsub 2444285.opbs  <- fftcpu/node128-1
07-25 11:57:12   qsub 2444286.opbs  <- fftcpu/node256-1
07-25 11:57:16   qsub 2444288.opbs  <- fftcpu/node256-2
07-25 11:57:19   qsub 2444289.opbs  <- fftcpu/node256-3
07-25 11:57:22 ROUND 2: all submitted, waiting for the queue to drain
